WSAStartup OK
  version 2.2
  description 'WinSock 2.0'
  system status 'Running'
CGNet::Server socket 0x000000ac
CGNet::Server(), SO_MAX_MSG_SIZE = -1
CGNet::Server(), SO_RCVBUF = 8192
CGNet::Server(), SO_SNDBUF = 8192
CGNet::TCPServer OK
dummy 1.00
Opening command line ''...
Opening command file 'C:\taz\Babel\Gizmo\Config\AutoExec.cmd'...
Opening command line '%"C:\taz\Babel\Gizmo\Config\AutoExec.cmd"'...
CNameServer::Login failed
Installing plugins from 'C:\taz\Babel\Gizmo\Plugins'
CApplication::ValidateClasses: could not validate class 'CGelf3' {02157620-16bc-11d3-a2c4-005004070a9a} (this is normal during startup)
CApplication::ValidateClasses: could not validate class 'COBEMesh' {c82ce400-6f7c-11d4-adc9-00a0c9e084da} (this is normal during startup)
CApplication::ValidateClasses: could not validate class 'CToolBar' {f62436c4-728d-11d3-a847-000000000000} (this is normal during startup)
CApplication::ValidateClasses: could not validate class 'CWindowsMDI' {a7200580-16bd-11d3-a2c4-005004070a9a} (this is normal during startup)
CApplication::ValidateClasses: could not validate class 'CScrollPane' {ae8f3180-6779-11d3-a2c4-005004070a9a} (this is normal during startup)
CApplication::ValidateClasses: could not validate class 'CToolBar' {f62436c4-728d-11d3-a847-000000000000} (this is normal during startup)
CApplication::ValidateClasses: could not validate class 'CWindowsMDI' {a7200580-16bd-11d3-a2c4-005004070a9a} (this is normal during startup)
RegisterFileTypes: file types registered OK
CVersionControl::SaveSettings - *** COULD NOT READ FILE 'C:\taz\Babel\Gizmo\Config\VersionControl.cfg' ***
SetAppMenu: 0x4302f1
OBEViewer Activated
CDisplay2::ScanTextures found 0 existing and 0 new textures (in 0ms)
CTools::ActivateTool - '3D Object Viewer' is now active
DirectDrawEnumerateEx: Found device 'display' 'Primary Display Driver' (NULL)
